// Vitest Snapshot v1

exports[`App > Matches the snapshot 1`] = `
<DocumentFragment>
  <main
    id="mainLogin"
  >
    <div
      id="spyImage"
    >
      <img
        alt="spy image"
        height="100%"
        id="image"
        src="/src/Components/SpyImage/spy.jpg"
        width="100%"
      />
    </div>
    <div
      id="loginDetails"
    >
      <h2>
        You saw something?
        <br />
        <br />
        Log in to access the biggest network for secret agents.
      </h2>
      <form
        id="form"
      >
        <input
          id="username"
          name="username"
          placeholder="Username"
          type="text"
          value=""
        />
        <br />
        <input
          id="password"
          name="password"
          placeholder="Password"
          type="text"
          value=""
        />
        <br />
        <input
          id="login"
          type="submit"
          value="Login"
        />
      </form>
    </div>
  </main>
</DocumentFragment>
`;
